// Jest Snapshot v1, https://goo.gl/fbAQLP

exports[`Api matches the snapshot 1`] = `
Array [
  Object {
    "address": Object {
      "city": "Satterfieldhaven",
      "lat": "-69.0952",
      "long": "-51.1858",
      "street": "Terry Ville",
      "zip": "12188",
    },
    "bathrooms": 3,
    "bedrooms": 4,
    "id": 0,
    "picture": "http://lorempixel.com/300/200/city?78535",
    "price": 418000,
    "title": "Distributed hybrid middleware",
  },
  Object {
    "address": Object {
      "city": "North Kelley",
      "lat": "-24.3205",
      "long": "85.7833",
      "street": "Delbert Glens",
      "zip": "54007",
    },
    "bathrooms": 2,
    "bedrooms": 4,
    "id": 1,
    "picture": "http://lorempixel.com/300/200/city?80263",
    "price": 358000,
    "title": "Advanced hybrid infrastructure",
  },
  Object {
    "address": Object {
      "city": "New Izaiah",
      "lat": "12.5062",
      "long": "-22.9776",
      "street": "Stroman Parks",
      "zip": "57734",
    },
    "bathrooms": 1,
    "bedrooms": 2,
    "id": 2,
    "picture": "http://lorempixel.com/300/200/city?93314",
    "price": 495000,
    "title": "Polarised tangible approach",
  },
  Object {
    "address": Object {
      "city": "Garthberg",
      "lat": "-56.8284",
      "long": "68.1249",
      "street": "Ziemann Canyon",
      "zip": "98469",
    },
    "bathrooms": 3,
    "bedrooms": 4,
    "id": 3,
    "picture": "http://lorempixel.com/300/200/city?46257",
    "price": 114000,
    "title": "Versatile scalable alliance",
  },
  Object {
    "address": Object {
      "city": "North Dewitt",
      "lat": "-84.1772",
      "long": "42.2790",
      "street": "Adams Parks",
      "zip": "43755-1067",
    },
    "bathrooms": 3,
    "bedrooms": 5,
    "id": 4,
    "picture": "http://lorempixel.com/300/200/city?53331",
    "price": 464000,
    "title": "Automated upward-trending neural-net",
  },
  Object {
    "address": Object {
      "city": "Carterfort",
      "lat": "-8.7033",
      "long": "-103.8280",
      "street": "Mosciski Spurs",
      "zip": "27634-0193",
    },
    "bathrooms": 1,
    "bedrooms": 5,
    "id": 5,
    "picture": "http://lorempixel.com/300/200/city?38271",
    "price": 406000,
    "title": "Function-based uniform info-mediaries",
  },
  Object {
    "address": Object {
      "city": "Kyraborough",
      "lat": "86.3712",
      "long": "12.9066",
      "street": "Hayden Turnpike",
      "zip": "21020",
    },
    "bathrooms": 1,
    "bedrooms": 5,
    "id": 6,
    "picture": "http://lorempixel.com/300/200/city?73852",
    "price": 348000,
    "title": "Visionary discrete attitude",
  },
  Object {
    "address": Object {
      "city": "Krystalside",
      "lat": "-11.1042",
      "long": "-34.4872",
      "street": "Shawn Manor",
      "zip": "61711-9778",
    },
    "bathrooms": 3,
    "bedrooms": 4,
    "id": 7,
    "picture": "http://lorempixel.com/300/200/city?94812",
    "price": 185000,
    "title": "Quality-focused 24 hour workforce",
  },
  Object {
    "address": Object {
      "city": "South Kelvinport",
      "lat": "53.4361",
      "long": "150.2476",
      "street": "Alyce Walk",
      "zip": "52820-1647",
    },
    "bathrooms": 3,
    "bedrooms": 3,
    "id": 8,
    "picture": "http://lorempixel.com/300/200/city?95142",
    "price": 109000,
    "title": "Decentralized client-driven local area network",
  },
  Object {
    "address": Object {
      "city": "New Deonteland",
      "lat": "-44.5292",
      "long": "71.7660",
      "street": "Leslie View",
      "zip": "98311-6439",
    },
    "bathrooms": 1,
    "bedrooms": 4,
    "id": 9,
    "picture": "http://lorempixel.com/300/200/city?2964",
    "price": 475000,
    "title": "Optional clear-thinking toolset",
  },
]
`;
